Created by PLY version 3.5 (http://www.dabeaz.com/ply)
